
> frontend@0.1.0 build
> next build

Γû▓ Next.js 16.2.6 (Turbopack)
- Environments: .env.local

  Creating an optimized production build ...
Γ£ô Compiled successfully in 28.8s
  Running TypeScript ...
  Finished TypeScript in 17.7s ...
  Collecting page data using 11 workers ...
  Generating static pages using 11 workers (0/19) ...
  Generating static pages using 11 workers (4/19) 
  Generating static pages using 11 workers (9/19) 
  Generating static pages using 11 workers (14/19) 
Γ£ô Generating static pages using 11 workers (19/19) in 2.4s
  Finalizing page optimization ...

Route (app)
Γöî Γùï /
Γö£ Γùï /_not-found
Γö£ Γùï /alerts
Γö£ ╞Æ /api/send-email
Γö£ ╞Æ /api/send-whatsapp
Γö£ Γùï /auth/forgot-password
Γö£ Γùï /auth/login
Γö£ Γùï /auth/signup
Γö£ Γùï /dashboard
Γö£ Γùï /digital-twin
Γö£ Γùï /executive
Γö£ Γùï /incidents
Γö£ Γùï /reports
Γö£ Γùï /settings
Γö£ Γùï /telemetry
Γö£ Γùï /vision
Γöö Γùï /vision/audit


Γùï  (Static)   prerendered as static content
╞Æ  (Dynamic)  server-rendered on demand

